C:\Users\ToniH\Documents\GitHub\LiveScore\backend\env\Lib\site-packages\pretty_midi\instrument.py:11: UserWarning: pkg_resources is deprecated as an API. See https://setuptools.pypa.io/en/latest/pkg_resources.html. The pkg_resources package is slated for removal as early as 2025-11-30. Refrain from using this package or pin to Setuptools<81.
  import pkg_resources
[GPU] Using NVIDIA GeForce RTX 5070 Ti Laptop GPU
[GPU] VRAM: 12.8 GB
Running 8 continuous decoder candidates on 12 clips -> benchmark_artifacts\ideas12_snap_harmonic
[continuous-tune] baseline_current
  [baseline_current] clip_001
  [baseline_current] clip_002
  [baseline_current] clip_003
  [baseline_current] clip_004
  [baseline_current] clip_005
  [baseline_current] clip_006
  [baseline_current] clip_007
  [baseline_current] clip_008
  [baseline_current] clip_009
  [baseline_current] clip_010
  [baseline_current] clip_011
  [baseline_current] clip_012
[continuous-tune] onset_snap_15ms
  [onset_snap_15ms] clip_001
  [onset_snap_15ms] clip_002
  [onset_snap_15ms] clip_003
  [onset_snap_15ms] clip_004
  [onset_snap_15ms] clip_005
  [onset_snap_15ms] clip_006
  [onset_snap_15ms] clip_007
  [onset_snap_15ms] clip_008
  [onset_snap_15ms] clip_009
  [onset_snap_15ms] clip_010
  [onset_snap_15ms] clip_011
  [onset_snap_15ms] clip_012
[continuous-tune] onset_snap_25ms
  [onset_snap_25ms] clip_001
  [onset_snap_25ms] clip_002
  [onset_snap_25ms] clip_003
  [onset_snap_25ms] clip_004
  [onset_snap_25ms] clip_005
  [onset_snap_25ms] clip_006
  [onset_snap_25ms] clip_007
  [onset_snap_25ms] clip_008
  [onset_snap_25ms] clip_009
  [onset_snap_25ms] clip_010
  [onset_snap_25ms] clip_011
  [onset_snap_25ms] clip_012
[continuous-tune] onset_snap_35ms
  [onset_snap_35ms] clip_001
  [onset_snap_35ms] clip_002
  [onset_snap_35ms] clip_003
  [onset_snap_35ms] clip_004
  [onset_snap_35ms] clip_005
  [onset_snap_35ms] clip_006
  [onset_snap_35ms] clip_007
  [onset_snap_35ms] clip_008
  [onset_snap_35ms] clip_009
  [onset_snap_35ms] clip_010
  [onset_snap_35ms] clip_011
  [onset_snap_35ms] clip_012
[continuous-tune] harmonic_prior_obs2
  [harmonic_prior_obs2] clip_001
  [harmonic_prior_obs2] clip_002
  [harmonic_prior_obs2] clip_003
  [harmonic_prior_obs2] clip_004
  [harmonic_prior_obs2] clip_005
  [harmonic_prior_obs2] clip_006
  [harmonic_prior_obs2] clip_007
  [harmonic_prior_obs2] clip_008
  [harmonic_prior_obs2] clip_009
  [harmonic_prior_obs2] clip_010
  [harmonic_prior_obs2] clip_011
  [harmonic_prior_obs2] clip_012
[continuous-tune] harmonic_prior_obs2_sustain80
  [harmonic_prior_obs2_sustain80] clip_001
  [harmonic_prior_obs2_sustain80] clip_002
  [harmonic_prior_obs2_sustain80] clip_003
  [harmonic_prior_obs2_sustain80] clip_004
  [harmonic_prior_obs2_sustain80] clip_005
  [harmonic_prior_obs2_sustain80] clip_006
  [harmonic_prior_obs2_sustain80] clip_007
  [harmonic_prior_obs2_sustain80] clip_008
  [harmonic_prior_obs2_sustain80] clip_009
  [harmonic_prior_obs2_sustain80] clip_010
  [harmonic_prior_obs2_sustain80] clip_011
  [harmonic_prior_obs2_sustain80] clip_012
[continuous-tune] harmonic_prior_triads_only
Traceback (most recent call last):
  File "C:\Users\ToniH\Documents\GitHub\LiveScore\backend\tune_continuous_stream_decoder.py", line 835, in <module>
    main()
    ~~~~^^
  File "C:\Users\ToniH\Documents\GitHub\LiveScore\backend\tune_continuous_stream_decoder.py", line 792, in main
    result = run_candidate(candidate, clips, args, output_dir / f"{candidate['name']}.log")
  File "C:\Users\ToniH\Documents\GitHub\LiveScore\backend\tune_continuous_stream_decoder.py", line 633, in run_candidate
    log_handle.write(f"# Attrs: {json.dumps(candidate.get('attrs') or {}, sort_keys=True)}\n\n")
                                 ~~~~~~~~~~^^^^^^^^^^^^^^^^^^^^^^^^^^^^^^^^^^^^^^^^^^^^^^
  File "C:\Program Files\WindowsApps\PythonSoftwareFoundation.Python.3.13_3.13.3824.0_x64__qbz5n2kfra8p0\Lib\json\__init__.py", line 242, in dumps
    **kw).encode(obj)
          ~~~~~~^^^^^
  File "C:\Program Files\WindowsApps\PythonSoftwareFoundation.Python.3.13_3.13.3824.0_x64__qbz5n2kfra8p0\Lib\json\encoder.py", line 202, in encode
    chunks = self.iterencode(o, _one_shot=True)
  File "C:\Program Files\WindowsApps\PythonSoftwareFoundation.Python.3.13_3.13.3824.0_x64__qbz5n2kfra8p0\Lib\json\encoder.py", line 263, in iterencode
    return _iterencode(o, 0)
  File "C:\Program Files\WindowsApps\PythonSoftwareFoundation.Python.3.13_3.13.3824.0_x64__qbz5n2kfra8p0\Lib\json\encoder.py", line 182, in default
    raise TypeError(f'Object of type {o.__class__.__name__} '
                    f'is not JSON serializable')
TypeError: Object of type set is not JSON serializable
